The push refers to repository [docker.io/yusufkhan1443158/abyss-allinone]
a13b6de28fd1: Waiting
c80d12600541: Waiting
ce325326422b: Waiting
8c550a55383c: Waiting
44e52cbd170e: Waiting
f66cea3b82f9: Waiting
e95a6c7ea7d4: Waiting
432d68f2a139: Waiting
78a6e4cca9c6: Waiting
abb65089f431: Waiting
918c59509b00: Waiting
c2c67bea8a3d: Waiting
4fca76017abd: Waiting
298bacc1f3a5: Waiting
f6001005e21e: Waiting
80724239c8d5: Waiting
6b10c905f649: Waiting
dc9c4d73711e: Waiting
d81a48aa2526: Waiting
003761a8230f: Waiting
3ec520ed9418: Waiting
98a285589716: Waiting
717c0806cc6a: Waiting
d444c8984a0f: Waiting
29a0b4fa0430: Waiting
c0bf3284d434: Waiting
abb65089f431: Waiting
918c59509b00: Waiting
c2c67bea8a3d: Waiting
4fca76017abd: Waiting
298bacc1f3a5: Waiting
f6001005e21e: Waiting
80724239c8d5: Waiting
6b10c905f649: Waiting
dc9c4d73711e: Waiting
d81a48aa2526: Waiting
003761a8230f: Waiting
3ec520ed9418: Waiting
98a285589716: Waiting
717c0806cc6a: Waiting
d444c8984a0f: Waiting
29a0b4fa0430: Waiting
c0bf3284d434: Waiting
a13b6de28fd1: Waiting
c80d12600541: Waiting
ce325326422b: Waiting
8c550a55383c: Waiting
44e52cbd170e: Waiting
f66cea3b82f9: Waiting
e95a6c7ea7d4: Waiting
432d68f2a139: Waiting
78a6e4cca9c6: Waiting
78a6e4cca9c6: Waiting
abb65089f431: Waiting
918c59509b00: Waiting
c2c67bea8a3d: Waiting
4fca76017abd: Waiting
298bacc1f3a5: Waiting
f6001005e21e: Waiting
80724239c8d5: Waiting
6b10c905f649: Waiting
dc9c4d73711e: Waiting
d81a48aa2526: Waiting
003761a8230f: Waiting
3ec520ed9418: Waiting
98a285589716: Waiting
717c0806cc6a: Waiting
d444c8984a0f: Waiting
29a0b4fa0430: Waiting
c0bf3284d434: Waiting
a13b6de28fd1: Waiting
c80d12600541: Waiting
ce325326422b: Waiting
8c550a55383c: Waiting
44e52cbd170e: Waiting
f66cea3b82f9: Waiting
e95a6c7ea7d4: Waiting
432d68f2a139: Waiting
29a0b4fa0430: Waiting
c0bf3284d434: Waiting
a13b6de28fd1: Waiting
c80d12600541: Waiting
ce325326422b: Waiting
8c550a55383c: Waiting
44e52cbd170e: Waiting
f66cea3b82f9: Waiting
e95a6c7ea7d4: Waiting
432d68f2a139: Waiting
78a6e4cca9c6: Waiting
abb65089f431: Waiting
918c59509b00: Waiting
c2c67bea8a3d: Waiting
4fca76017abd: Waiting
298bacc1f3a5: Waiting
f6001005e21e: Waiting
80724239c8d5: Waiting
6b10c905f649: Waiting
dc9c4d73711e: Waiting
d81a48aa2526: Waiting
003761a8230f: Waiting
3ec520ed9418: Waiting
98a285589716: Waiting
717c0806cc6a: Waiting
d444c8984a0f: Waiting
29a0b4fa0430: Waiting
c0bf3284d434: Waiting
a13b6de28fd1: Waiting
c80d12600541: Waiting
ce325326422b: Waiting
8c550a55383c: Waiting
44e52cbd170e: Waiting
f66cea3b82f9: Waiting
e95a6c7ea7d4: Waiting
432d68f2a139: Waiting
78a6e4cca9c6: Waiting
abb65089f431: Waiting
918c59509b00: Waiting
c2c67bea8a3d: Waiting
4fca76017abd: Waiting
298bacc1f3a5: Waiting
f6001005e21e: Waiting
80724239c8d5: Waiting
6b10c905f649: Waiting
dc9c4d73711e: Waiting
d81a48aa2526: Waiting
003761a8230f: Waiting
3ec520ed9418: Waiting
98a285589716: Waiting
717c0806cc6a: Waiting
d444c8984a0f: Waiting
f6001005e21e: Waiting
80724239c8d5: Waiting
6b10c905f649: Waiting
dc9c4d73711e: Waiting
d81a48aa2526: Waiting
003761a8230f: Waiting
3ec520ed9418: Waiting
98a285589716: Waiting
717c0806cc6a: Waiting
d444c8984a0f: Waiting
29a0b4fa0430: Waiting
c0bf3284d434: Waiting
a13b6de28fd1: Waiting
c80d12600541: Waiting
ce325326422b: Waiting
8c550a55383c: Waiting
44e52cbd170e: Waiting
f66cea3b82f9: Waiting
e95a6c7ea7d4: Waiting
432d68f2a139: Waiting
78a6e4cca9c6: Waiting
abb65089f431: Waiting
918c59509b00: Waiting
c2c67bea8a3d: Waiting
4fca76017abd: Waiting
298bacc1f3a5: Waiting
d81a48aa2526: Waiting
003761a8230f: Waiting
3ec520ed9418: Waiting
98a285589716: Waiting
717c0806cc6a: Waiting
d444c8984a0f: Waiting
29a0b4fa0430: Waiting
c0bf3284d434: Waiting
a13b6de28fd1: Waiting
c80d12600541: Waiting
ce325326422b: Waiting
8c550a55383c: Waiting
44e52cbd170e: Waiting
f66cea3b82f9: Waiting
e95a6c7ea7d4: Waiting
432d68f2a139: Waiting
78a6e4cca9c6: Waiting
abb65089f431: Waiting
918c59509b00: Waiting
c2c67bea8a3d: Waiting
4fca76017abd: Waiting
298bacc1f3a5: Waiting
f6001005e21e: Waiting
80724239c8d5: Waiting
6b10c905f649: Waiting
dc9c4d73711e: Waiting
e95a6c7ea7d4: Waiting
432d68f2a139: Waiting
78a6e4cca9c6: Waiting
abb65089f431: Waiting
918c59509b00: Waiting
c2c67bea8a3d: Waiting
4fca76017abd: Waiting
298bacc1f3a5: Waiting
f6001005e21e: Waiting
80724239c8d5: Waiting
6b10c905f649: Waiting
dc9c4d73711e: Waiting
d81a48aa2526: Waiting
003761a8230f: Waiting
3ec520ed9418: Waiting
98a285589716: Waiting
717c0806cc6a: Waiting
d444c8984a0f: Waiting
29a0b4fa0430: Waiting
c0bf3284d434: Waiting
a13b6de28fd1: Waiting
c80d12600541: Waiting
ce325326422b: Waiting
8c550a55383c: Waiting
44e52cbd170e: Waiting
f66cea3b82f9: Waiting
3ec520ed9418: Waiting
98a285589716: Waiting
717c0806cc6a: Waiting
d444c8984a0f: Waiting
29a0b4fa0430: Waiting
c0bf3284d434: Waiting
a13b6de28fd1: Waiting
c80d12600541: Waiting
ce325326422b: Waiting
8c550a55383c: Waiting
44e52cbd170e: Waiting
f66cea3b82f9: Waiting
e95a6c7ea7d4: Waiting
432d68f2a139: Waiting
78a6e4cca9c6: Waiting
abb65089f431: Waiting
918c59509b00: Waiting
c2c67bea8a3d: Waiting
4fca76017abd: Waiting
298bacc1f3a5: Waiting
f6001005e21e: Waiting
80724239c8d5: Waiting
6b10c905f649: Waiting
dc9c4d73711e: Waiting
d81a48aa2526: Waiting
003761a8230f: Waiting
80724239c8d5: Waiting
6b10c905f649: Waiting
dc9c4d73711e: Waiting
d81a48aa2526: Waiting
003761a8230f: Waiting
3ec520ed9418: Waiting
98a285589716: Waiting
717c0806cc6a: Waiting
d444c8984a0f: Waiting
29a0b4fa0430: Waiting
c0bf3284d434: Waiting
a13b6de28fd1: Waiting
c80d12600541: Waiting
ce325326422b: Waiting
8c550a55383c: Waiting
44e52cbd170e: Waiting
f66cea3b82f9: Waiting
e95a6c7ea7d4: Waiting
432d68f2a139: Waiting
78a6e4cca9c6: Waiting
abb65089f431: Waiting
918c59509b00: Waiting
c2c67bea8a3d: Waiting
4fca76017abd: Waiting
298bacc1f3a5: Waiting
f6001005e21e: Waiting
dc9c4d73711e: Waiting
d81a48aa2526: Waiting
003761a8230f: Waiting
3ec520ed9418: Waiting
98a285589716: Waiting
717c0806cc6a: Waiting
d444c8984a0f: Waiting
29a0b4fa0430: Waiting
c0bf3284d434: Waiting
a13b6de28fd1: Waiting
c80d12600541: Waiting
ce325326422b: Waiting
8c550a55383c: Waiting
44e52cbd170e: Waiting
f66cea3b82f9: Waiting
e95a6c7ea7d4: Waiting
432d68f2a139: Waiting
78a6e4cca9c6: Waiting
abb65089f431: Waiting
918c59509b00: Waiting
c2c67bea8a3d: Waiting
4fca76017abd: Waiting
298bacc1f3a5: Waiting
f6001005e21e: Waiting
80724239c8d5: Waiting
6b10c905f649: Waiting
f66cea3b82f9: Waiting
e95a6c7ea7d4: Waiting
432d68f2a139: Waiting
78a6e4cca9c6: Waiting
abb65089f431: Waiting
918c59509b00: Waiting
c2c67bea8a3d: Waiting
4fca76017abd: Waiting
298bacc1f3a5: Waiting
f6001005e21e: Waiting
80724239c8d5: Waiting
6b10c905f649: Waiting
dc9c4d73711e: Waiting
d81a48aa2526: Waiting
003761a8230f: Waiting
3ec520ed9418: Waiting
98a285589716: Waiting
717c0806cc6a: Waiting
d444c8984a0f: Waiting
29a0b4fa0430: Waiting
c0bf3284d434: Waiting
a13b6de28fd1: Waiting
c80d12600541: Waiting
ce325326422b: Waiting
8c550a55383c: Waiting
44e52cbd170e: Waiting
98a285589716: Waiting
717c0806cc6a: Waiting
d444c8984a0f: Waiting
29a0b4fa0430: Waiting
c0bf3284d434: Waiting
a13b6de28fd1: Waiting
c80d12600541: Waiting
ce325326422b: Waiting
8c550a55383c: Waiting
44e52cbd170e: Waiting
f66cea3b82f9: Waiting
e95a6c7ea7d4: Waiting
432d68f2a139: Waiting
78a6e4cca9c6: Waiting
abb65089f431: Waiting
918c59509b00: Waiting
c2c67bea8a3d: Waiting
4fca76017abd: Waiting
298bacc1f3a5: Waiting
f6001005e21e: Waiting
80724239c8d5: Waiting
6b10c905f649: Waiting
dc9c4d73711e: Waiting
d81a48aa2526: Waiting
003761a8230f: Waiting
3ec520ed9418: Waiting
80724239c8d5: Waiting
6b10c905f649: Waiting
dc9c4d73711e: Waiting
d81a48aa2526: Waiting
003761a8230f: Waiting
3ec520ed9418: Waiting
98a285589716: Waiting
717c0806cc6a: Waiting
d444c8984a0f: Waiting
29a0b4fa0430: Waiting
c0bf3284d434: Waiting
a13b6de28fd1: Waiting
c80d12600541: Waiting
ce325326422b: Waiting
8c550a55383c: Waiting
44e52cbd170e: Waiting
f66cea3b82f9: Waiting
e95a6c7ea7d4: Waiting
432d68f2a139: Waiting
78a6e4cca9c6: Waiting
abb65089f431: Waiting
918c59509b00: Waiting
c2c67bea8a3d: Waiting
4fca76017abd: Waiting
298bacc1f3a5: Waiting
f6001005e21e: Waiting
29a0b4fa0430: Waiting
c0bf3284d434: Waiting
a13b6de28fd1: Waiting
c80d12600541: Waiting
ce325326422b: Waiting
8c550a55383c: Waiting
44e52cbd170e: Waiting
f66cea3b82f9: Waiting
e95a6c7ea7d4: Waiting
432d68f2a139: Waiting
78a6e4cca9c6: Waiting
abb65089f431: Waiting
918c59509b00: Waiting
c2c67bea8a3d: Waiting
4fca76017abd: Waiting
298bacc1f3a5: Waiting
f6001005e21e: Waiting
80724239c8d5: Waiting
6b10c905f649: Waiting
dc9c4d73711e: Waiting
d81a48aa2526: Waiting
003761a8230f: Waiting
3ec520ed9418: Waiting
98a285589716: Waiting
717c0806cc6a: Waiting
d444c8984a0f: Waiting
abb65089f431: Waiting
918c59509b00: Waiting
c2c67bea8a3d: Waiting
4fca76017abd: Waiting
298bacc1f3a5: Waiting
f6001005e21e: Waiting
80724239c8d5: Waiting
6b10c905f649: Waiting
dc9c4d73711e: Waiting
d81a48aa2526: Waiting
003761a8230f: Waiting
3ec520ed9418: Waiting
98a285589716: Waiting
717c0806cc6a: Waiting
d444c8984a0f: Waiting
29a0b4fa0430: Waiting
c0bf3284d434: Waiting
a13b6de28fd1: Waiting
c80d12600541: Waiting
ce325326422b: Waiting
8c550a55383c: Waiting
44e52cbd170e: Waiting
f66cea3b82f9: Waiting
e95a6c7ea7d4: Waiting
432d68f2a139: Waiting
78a6e4cca9c6: Waiting
f6001005e21e: Waiting
80724239c8d5: Waiting
6b10c905f649: Waiting
dc9c4d73711e: Waiting
d81a48aa2526: Waiting
003761a8230f: Waiting
3ec520ed9418: Waiting
98a285589716: Waiting
717c0806cc6a: Waiting
d444c8984a0f: Waiting
29a0b4fa0430: Waiting
c0bf3284d434: Waiting
a13b6de28fd1: Waiting
c80d12600541: Waiting
ce325326422b: Waiting
8c550a55383c: Waiting
44e52cbd170e: Waiting
f66cea3b82f9: Waiting
e95a6c7ea7d4: Waiting
432d68f2a139: Waiting
78a6e4cca9c6: Waiting
abb65089f431: Waiting
918c59509b00: Waiting
c2c67bea8a3d: Waiting
4fca76017abd: Waiting
298bacc1f3a5: Waiting
f66cea3b82f9: Waiting
e95a6c7ea7d4: Waiting
432d68f2a139: Waiting
78a6e4cca9c6: Waiting
abb65089f431: Waiting
918c59509b00: Waiting
c2c67bea8a3d: Waiting
4fca76017abd: Waiting
298bacc1f3a5: Waiting
f6001005e21e: Waiting
80724239c8d5: Waiting
6b10c905f649: Waiting
dc9c4d73711e: Waiting
d81a48aa2526: Waiting
003761a8230f: Waiting
3ec520ed9418: Waiting
98a285589716: Waiting
717c0806cc6a: Waiting
d444c8984a0f: Waiting
29a0b4fa0430: Waiting
c0bf3284d434: Waiting
a13b6de28fd1: Waiting
c80d12600541: Waiting
ce325326422b: Waiting
8c550a55383c: Waiting
44e52cbd170e: Waiting
f66cea3b82f9: Waiting
e95a6c7ea7d4: Waiting
432d68f2a139: Waiting
78a6e4cca9c6: Waiting
abb65089f431: Waiting
918c59509b00: Waiting
c2c67bea8a3d: Waiting
4fca76017abd: Waiting
298bacc1f3a5: Waiting
f6001005e21e: Waiting
80724239c8d5: Waiting
6b10c905f649: Waiting
dc9c4d73711e: Waiting
d81a48aa2526: Waiting
003761a8230f: Waiting
3ec520ed9418: Waiting
98a285589716: Waiting
717c0806cc6a: Waiting
d444c8984a0f: Waiting
29a0b4fa0430: Waiting
c0bf3284d434: Waiting
a13b6de28fd1: Waiting
c80d12600541: Waiting
ce325326422b: Waiting
8c550a55383c: Waiting
44e52cbd170e: Waiting
29a0b4fa0430: Waiting
c0bf3284d434: Waiting
a13b6de28fd1: Waiting
c80d12600541: Waiting
ce325326422b: Waiting
8c550a55383c: Waiting
44e52cbd170e: Waiting
f66cea3b82f9: Waiting
e95a6c7ea7d4: Waiting
432d68f2a139: Waiting
78a6e4cca9c6: Waiting
abb65089f431: Waiting
918c59509b00: Waiting
c2c67bea8a3d: Waiting
4fca76017abd: Waiting
298bacc1f3a5: Waiting
f6001005e21e: Waiting
80724239c8d5: Waiting
6b10c905f649: Waiting
dc9c4d73711e: Waiting
d81a48aa2526: Waiting
003761a8230f: Waiting
3ec520ed9418: Waiting
98a285589716: Waiting
717c0806cc6a: Waiting
d444c8984a0f: Waiting
f66cea3b82f9: Waiting
e95a6c7ea7d4: Waiting
432d68f2a139: Waiting
78a6e4cca9c6: Waiting
abb65089f431: Waiting
918c59509b00: Waiting
c2c67bea8a3d: Waiting
4fca76017abd: Waiting
298bacc1f3a5: Waiting
f6001005e21e: Waiting
80724239c8d5: Waiting
6b10c905f649: Waiting
dc9c4d73711e: Waiting
d81a48aa2526: Waiting
003761a8230f: Waiting
3ec520ed9418: Waiting
98a285589716: Waiting
717c0806cc6a: Waiting
d444c8984a0f: Waiting
29a0b4fa0430: Waiting
c0bf3284d434: Waiting
a13b6de28fd1: Waiting
c80d12600541: Waiting
ce325326422b: Waiting
8c550a55383c: Waiting
44e52cbd170e: Waiting
432d68f2a139: Waiting
78a6e4cca9c6: Waiting
abb65089f431: Waiting
918c59509b00: Waiting
c2c67bea8a3d: Waiting
4fca76017abd: Waiting
298bacc1f3a5: Waiting
f6001005e21e: Waiting
80724239c8d5: Waiting
6b10c905f649: Waiting
dc9c4d73711e: Waiting
d81a48aa2526: Waiting
003761a8230f: Waiting
3ec520ed9418: Waiting
98a285589716: Waiting
717c0806cc6a: Waiting
d444c8984a0f: Waiting
29a0b4fa0430: Waiting
c0bf3284d434: Waiting
a13b6de28fd1: Waiting
c80d12600541: Waiting
ce325326422b: Waiting
8c550a55383c: Waiting
44e52cbd170e: Waiting
f66cea3b82f9: Waiting
e95a6c7ea7d4: Waiting
c0bf3284d434: Waiting
a13b6de28fd1: Waiting
c80d12600541: Waiting
ce325326422b: Waiting
8c550a55383c: Waiting
44e52cbd170e: Waiting
f66cea3b82f9: Waiting
e95a6c7ea7d4: Waiting
432d68f2a139: Waiting
78a6e4cca9c6: Waiting
abb65089f431: Waiting
918c59509b00: Waiting
c2c67bea8a3d: Waiting
4fca76017abd: Waiting
298bacc1f3a5: Waiting
f6001005e21e: Waiting
80724239c8d5: Waiting
6b10c905f649: Waiting
dc9c4d73711e: Waiting
d81a48aa2526: Waiting
003761a8230f: Waiting
3ec520ed9418: Waiting
98a285589716: Waiting
717c0806cc6a: Waiting
d444c8984a0f: Waiting
29a0b4fa0430: Waiting
f6001005e21e: Waiting
80724239c8d5: Waiting
6b10c905f649: Waiting
dc9c4d73711e: Waiting
d81a48aa2526: Waiting
003761a8230f: Waiting
3ec520ed9418: Waiting
98a285589716: Waiting
717c0806cc6a: Waiting
d444c8984a0f: Waiting
c0bf3284d434: Waiting
a13b6de28fd1: Waiting
c80d12600541: Waiting
8c550a55383c: Waiting
f66cea3b82f9: Waiting
e95a6c7ea7d4: Waiting
432d68f2a139: Waiting
78a6e4cca9c6: Waiting
abb65089f431: Waiting
918c59509b00: Waiting
c2c67bea8a3d: Waiting
4fca76017abd: Waiting
298bacc1f3a5: Waiting
abb65089f431: Waiting
918c59509b00: Waiting
c2c67bea8a3d: Waiting
4fca76017abd: Waiting
298bacc1f3a5: Waiting
f6001005e21e: Waiting
80724239c8d5: Waiting
6b10c905f649: Waiting
dc9c4d73711e: Waiting
d81a48aa2526: Waiting
003761a8230f: Waiting
3ec520ed9418: Waiting
98a285589716: Waiting
717c0806cc6a: Waiting
d444c8984a0f: Waiting
c0bf3284d434: Waiting
a13b6de28fd1: Waiting
c80d12600541: Waiting
8c550a55383c: Waiting
f66cea3b82f9: Waiting
e95a6c7ea7d4: Waiting
432d68f2a139: Waiting
78a6e4cca9c6: Waiting
f66cea3b82f9: Waiting
e95a6c7ea7d4: Waiting
432d68f2a139: Waiting
78a6e4cca9c6: Waiting
abb65089f431: Waiting
918c59509b00: Waiting
c2c67bea8a3d: Waiting
4fca76017abd: Waiting
298bacc1f3a5: Waiting
80724239c8d5: Waiting
6b10c905f649: Waiting
d81a48aa2526: Waiting
003761a8230f: Waiting
3ec520ed9418: Waiting
98a285589716: Waiting
717c0806cc6a: Waiting
c0bf3284d434: Waiting
a13b6de28fd1: Waiting
c80d12600541: Waiting
8c550a55383c: Waiting
c80d12600541: Waiting
8c550a55383c: Waiting
f66cea3b82f9: Waiting
e95a6c7ea7d4: Waiting
c2c67bea8a3d: Waiting
4fca76017abd: Waiting
298bacc1f3a5: Waiting
80724239c8d5: Waiting
d81a48aa2526: Waiting
3ec520ed9418: Waiting
f66cea3b82f9: Waiting
e95a6c7ea7d4: Waiting
298bacc1f3a5: Waiting
3ec520ed9418: Waiting
298bacc1f3a5: Mounted from library/python
3ec520ed9418: Waiting
f66cea3b82f9: Waiting
e95a6c7ea7d4: Waiting
3ec520ed9418: Mounted from library/python
f66cea3b82f9: Mounted from library/python
e95a6c7ea7d4: Mounted from library/python
abb65089f431: Pushed
f6001005e21e: Pushed
dc9c4d73711e: Pushed
29a0b4fa0430: Pushed
44e52cbd170e: Pushed
918c59509b00: Pushed
c2c67bea8a3d: Pushed
4fca76017abd: Pushed
ce325326422b: Pushed
d81a48aa2526: Pushed
003761a8230f: Pushed
c80d12600541: Pushed
78a6e4cca9c6: Pushed
80724239c8d5: Pushed
6b10c905f649: Pushed
c0bf3284d434: Pushed
d444c8984a0f: Pushed
8c550a55383c: Pushed
98a285589716: Pushed
a13b6de28fd1: Pushed
717c0806cc6a: Pushed
432d68f2a139: Pushed
latest: digest: sha256:357ee51dfa8f67d910b73ebbd41004613ccc0fedbb4fcf9693bd08a74b43c9a8 size: 856
